<html>
<body>
<pre>
<h1>µVision Build Log</h1>
<h2>Tool Versions:</h2>
IDE-Version: µVision V5.25.2.0
Copyright (C) 2018 ARM Ltd and ARM Germany GmbH. All rights reserved.
License Information: Pascal Sartoretti Hes-so//Valais Flex license: MDK-ARM Professional: 25 user(s) (mdk_pro) Operation stops: 30 Sep 2019
 
Tool Versions:
Toolchain:       MDK-ARM Professional: 25 user(s)  Version: 5.25.2.0
Toolchain Path:  C:\Keil_v5\ARM\ARMCC\Bin
C Compiler:      Armcc.exe V5.06 update 6 (build 750)
Assembler:       Armasm.exe V5.06 update 6 (build 750)
Linker/Locator:  ArmLink.exe V5.06 update 6 (build 750)
Library Manager: ArmAr.exe V5.06 update 6 (build 750)
Hex Converter:   FromElf.exe V5.06 update 6 (build 750)
CPU DLL:         SARMCM3.DLL V5.25.2.0
Dialog DLL:      DCM.DLL V1.17.1.0
Target DLL:      STLink\ST-LINKIII-KEIL_SWO.dll V3.0.1.0
Dialog DLL:      TCM.DLL V1.35.1.0
 
<h2>Project:</h2>
C:\Users\yan.michello\Documents\GitHub\Labo4Sem\Labo4Sem.uvprojx
Project File Date:  11/08/2018

<h2>Output:</h2>
*** Using Compiler 'V5.06 update 6 (build 750)', folder: 'C:\Keil_v5\ARM\ARMCC\Bin'
Build target 'Target 1'
compiling main.c...
main.c(13): warning:  #177-D: variable "i"  was declared but never referenced
  	uint32_t i;
main.c(32): warning:  #177-D: variable "ledValues5"  was declared but never referenced
  	uint32_t ledValues5[] = {0x0000ff00, 0x000000ff, 0x00ff0000, 0x0000ff00, 0x00ff00ff};
main.c(33): warning:  #177-D: variable "ledValues8"  was declared but never referenced
  	uint32_t ledValues8[] = {0x000000ff, 0x00ff0000, 0x0000ff00, 0x000000ff, 0x00ffffff, 0x00ff0000, 0x0000ff00, 0x000000ff};
main.c(102): warning:  #1-D: last line of file ends without a newline
  }
main.c: 4 warnings, 0 errors
linking...
Program Size: Code=4056 RO-data=564 RW-data=16 ZI-data=1652  
".\Objects\Labo4Sem.axf" - 0 Error(s), 4 Warning(s).

<h2>Software Packages used:</h2>

Package Vendor: ARM
                http://www.keil.com/pack/ARM.CMSIS.5.3.0.pack
                ARM.CMSIS.5.3.0
                CMSIS (Cortex Microcontroller Software Interface Standard)
   * Component: CORE Version: 5.1.1

Package Vendor: Keil
                http://www.keil.com/pack/Keil.STM32F7xx_DFP.2.10.0.pack
                Keil.STM32F7xx_DFP.2.10.0
                STMicroelectronics STM32F7 Series Device Support, Drivers and Examples
   * Component: STM32Cube Framework Version: 1.0.0
   * Component: Classic Version: 1.2.5
   * Component: Common Version: 1.2.5
   * Component: Cortex Version: 1.2.5
   * Component: GPIO Version: 1.2.5
   * Component: PWR Version: 1.2.5
   * Component: RCC Version: 1.2.5
   * Component: Startup Version: 1.2.2

<h2>Collection of Component include folders:</h2>
  .\RTE\Device\STM32F746NGHx
  .\RTE\_Target_1
  C:\Keil_v5\ARM\PACK\ARM\CMSIS\5.3.0\CMSIS\Include
  C:\Keil_v5\ARM\PACK\Keil\STM32F7xx_DFP\2.10.0\Drivers\CMSIS\Device\ST\STM32F7xx\Include
  C:\Keil_v5\ARM\PACK\Keil\STM32F7xx_DFP\2.10.0\Drivers\STM32F7xx_HAL_Driver\Inc

<h2>Collection of Component Files used:</h2>

   * Component: ::Device:STM32Cube Framework:1.0.0 (API)

   * Component: ARM::CMSIS:CORE:5.1.1

   * Component: Keil::Device:STM32Cube Framework:Classic:1.2.5
      Include file:  MDK\Templates_LL\Inc\main.h
      Include file:  MDK\Templates\Inc\stm32f7xx_hal_conf.h
      Include file:  MDK\Templates\Inc\stm32f7xx_it.h
      Include file:  MDK\Templates\Inc\main.h
      Source file:   MDK\Templates\Src\stm32f7xx_hal_msp.c
      Include file:  CMSIS\Driver\Config\RTE_Device.h
      Source file:   MDK\Templates\Src\main.c
      Source file:   MDK\Templates\Src\stm32f7xx_it.c
      Source file:   MDK\Templates_LL\Src\main.c

   * Component: Keil::Device:STM32Cube HAL:Common:1.2.5
      Source file:   Drivers\STM32F7xx_HAL_Driver\Src\stm32f7xx_hal.c
      Include file:  Drivers\STM32F7xx_HAL_Driver\Inc\stm32f7xx_hal.h

   * Component: Keil::Device:STM32Cube HAL:Cortex:1.2.5
      Source file:   Drivers\STM32F7xx_HAL_Driver\Src\stm32f7xx_hal_cortex.c

   * Component: Keil::Device:STM32Cube HAL:GPIO:1.2.5
      Source file:   Drivers\STM32F7xx_HAL_Driver\Src\stm32f7xx_hal_gpio.c

   * Component: Keil::Device:STM32Cube HAL:PWR:1.2.5
      Source file:   Drivers\STM32F7xx_HAL_Driver\Src\stm32f7xx_hal_pwr.c
      Source file:   Drivers\STM32F7xx_HAL_Driver\Src\stm32f7xx_hal_pwr_ex.c

   * Component: Keil::Device:STM32Cube HAL:RCC:1.2.5
      Source file:   Drivers\STM32F7xx_HAL_Driver\Src\stm32f7xx_hal_rcc.c
      Source file:   Drivers\STM32F7xx_HAL_Driver\Src\stm32f7xx_hal_rcc_ex.c

   * Component: Keil::Device:Startup:1.2.2
      Source file:   MDK\Device\Source\ARM\STM32F74x_75x_OPT.s
      Source file:   MDK\Device\Source\ARM\STM32F74x_75x_OTP.s
      Include file:  Drivers\CMSIS\Device\ST\STM32F7xx\Include\stm32f7xx.h
      Source file:   Drivers\CMSIS\Device\ST\STM32F7xx\Source\Templates\arm\startup_stm32f746xx.s
      Source file:   Drivers\CMSIS\Device\ST\STM32F7xx\Source\Templates\system_stm32f7xx.c
Build Time Elapsed:  00:00:02
</pre>
</body>
</html>
