


ARM Macro Assembler    Page 1 


    1 00000000         ;-------------------------------------------------------
                       ------------------------
    2 00000000         ; Assembler for students 
    3 00000000         ;-------------------------------------------------------
                       ------------------------
    4 00000000         
    5 00000000                 THUMB
    6 00000000         ; AREA    |.text|, CODE, READONLY
    7 00000000                 AREA             |.data|, CODE, READWRITE, ALIGN
=4
    8 00000000                 EXPORT           ledSend
    9 00000000                 EXPORT           ledsRGB
   10 00000000         
   11 00000000 00000000 
                       resetTime
                               EQU              0
   12 00000000 00000001 
                       NopTime EQU              1
   13 00000000 00000004 
                       T0HTime EQU              4           ;38
   14 00000000 00000056 
                       T0LTime EQU              86
   15 00000000 0000006E 
                       T1HTime EQU              110         ;76
   16 00000000 00000028 
                       T1LTime EQU              40          ;65
   17 00000000 00001518 
                       TRESTime
                               EQU              5400
   18 00000000         
   19 00000000 00000018 
                       nBits   EQU              24
   20 00000000         
   21 00000000        4 
                       nopLoop RN               r4
   22 00000000         
   23 00000000         ;-------------------------------------------------------
                       ------------------------
   24 00000000         bitLow  PROC
   25 00000000 B500            push             {lr}
   26 00000002 4835            ldr              r0,=0x40020014 ; address of PA0
                                                             to LEDs
   27 00000004 F04F 0100       mov              r1,#0       ; value will be '0'
                                                            
   28 00000008 6001            str              r1,[r0]     ; place data on led
                                                            s
   29 0000000A BD00            pop              {pc}
   30 0000000C                 ENDP
   31 0000000C         
   32 0000000C         ;-------------------------------------------------------
                       ------------------------
   33 0000000C         bitHigh PROC
   34 0000000C B500            push             {lr}
   35 0000000E 4832            ldr              r0,=0x40020014 ; address of PA0
                                                             to LEDs
   36 00000010 F04F 0101       mov              r1,#1       ; value will be '1'
                                                            
   37 00000014 6001            str              r1,[r0]     ; place data on led
                                                            s



ARM Macro Assembler    Page 2 


   38 00000016 BD00            pop              {pc}
   39 00000018                 ENDP
   40 00000018         ;-------------------------------------------------------
                       ------------------------
   41 00000018         one     PROC
   42 00000018 B510            push             {nopLoop,lr}
   43 0000001A F7FF FFFE       bl               bitHigh
   44 0000001E F04F 046E       mov              nopLoop, #T1HTime ; reset the l
                                                            oop counter
   45 00000022         whileT1H
   46 00000022 3C01            subs             nopLoop, #NopTime 
                                                            ;decremente loop
   47 00000024 D1FD            bne              whileT1H
   48 00000026         
   49 00000026 F7FF FFFE       bl               bitLow
   50 0000002A F04F 0428       mov              nopLoop, #T1LTime ; reset the l
                                                            oop counter
   51 0000002E         whileT1L
   52 0000002E 3C01            subs             nopLoop, #NopTime 
                                                            ;decremente loop
   53 00000030 D1FD            bne              whileT1L
   54 00000032 BD10            pop              {nopLoop,pc}
   55 00000034                 ENDP
   56 00000034         ;-------------------------------------------------------
                       ------------------------
   57 00000034         zero    PROC
   58 00000034 B510            push             {nopLoop,lr}
   59 00000036 F7FF FFFE       bl               bitHigh
   60 0000003A F04F 0404       mov              nopLoop, #T0HTime ; reset the l
                                                            oop counter
   61 0000003E         whileT0H
   62 0000003E 3C01            subs             nopLoop, #NopTime 
                                                            ;decremente loop
   63 00000040 D1FD            bne              whileT0H
   64 00000042         
   65 00000042 F7FF FFFE       bl               bitLow
   66 00000046 F04F 0456       mov              nopLoop, #T0LTime ; reset the l
                                                            oop counter
   67 0000004A         whileT0L
   68 0000004A 3C01            subs             nopLoop, #NopTime 
                                                            ;decremente loop
   69 0000004C D1FD            bne              whileT0L
   70 0000004E BD10            pop              {nopLoop,pc}
   71 00000050                 ENDP
   72 00000050         ;-------------------------------------------------------
                       ------------------------
   73 00000050         ledSend PROC
   74 00000050 E92D 4200       push             {r9,lr}
   75 00000054 4681            mov              r9,r0
   76 00000056 F44F 0200       mov              r2,#0x800000
   77 0000005A         while24bits
   78 0000005A EA19 0002       ands             r0, r9, r2  ;r0 AND 0x01 stored
                                                             into r2
   79 0000005E D002            beq              zeroBit
   80 00000060 F7FF FFFE       bl               one
   81 00000064 E001            b                nxtBit
   82 00000066         zeroBit
   83 00000066 F7FF FFFE       bl               zero
   84 0000006A         nxtBit



ARM Macro Assembler    Page 3 


   85 0000006A 0852            lsrs             r2, r2, #1  ;shift the paramete
                                                            r to the right
   86 0000006C D1F5            bne              while24bits
   87 0000006E E8BD 8200       pop              {r9,pc}
   88 00000072                 ENDP
   89 00000072         ;-------------------------------------------------------
                       ------------------------
   90 00000072         ledsRGB PROC
   91 00000072 E92D 41F0       push             {r4, r5, r6, r7, r8, lr}
   92 00000076 4604            mov              r4, r0
   93 00000078 460D            mov              r5, r1
   94 0000007A 4616            mov              r6, r2
   95 0000007C 461F            mov              r7, r3
   96 0000007E F8DD 8018       ldr              r8,[sp,#24]
   97 00000082         
   98 00000082 2801            cmp              r0,#1
   99 00000084 D005            beq              LED1
  100 00000086 2802            cmp              r0,#2
  101 00000088 D007            beq              LED2
  102 0000008A 2803            cmp              r0,#3
  103 0000008C D00C            beq              LED3
  104 0000008E 2804            cmp              r0,#4
  105 00000090 D014            beq              LED4
  106 00000092         
  107 00000092         
  108 00000092         LED1
  109 00000092 4628            mov              r0, r5
  110 00000094 F7FF FFFE       bl               ledSend
  111 00000098 E01C            b                endRGB
  112 0000009A         
  113 0000009A         LED2
  114 0000009A 4628            mov              r0, r5
  115 0000009C F7FF FFFE       bl               ledSend
  116 000000A0 4630            mov              r0, r6
  117 000000A2 F7FF FFFE       bl               ledSend
  118 000000A6 E015            b                endRGB
  119 000000A8         
  120 000000A8         LED3
  121 000000A8 4628            mov              r0, r5
  122 000000AA F7FF FFFE       bl               ledSend
  123 000000AE 4630            mov              r0, r6
  124 000000B0 F7FF FFFE       bl               ledSend
  125 000000B4 4638            mov              r0, r7
  126 000000B6 F7FF FFFE       bl               ledSend
  127 000000BA E00B            b                endRGB
  128 000000BC         
  129 000000BC         LED4
  130 000000BC 4628            mov              r0, r5
  131 000000BE F7FF FFFE       bl               ledSend
  132 000000C2 4630            mov              r0, r6
  133 000000C4 F7FF FFFE       bl               ledSend
  134 000000C8 4638            mov              r0, r7
  135 000000CA F7FF FFFE       bl               ledSend
  136 000000CE 4640            mov              r0, r8
  137 000000D0 F7FF FFFE       bl               ledSend
  138 000000D4         
  139 000000D4         endRGB
  140 000000D4         
  141 000000D4         



ARM Macro Assembler    Page 4 


  142 000000D4 E8BD 81F0       pop              {r4, r5, r6, r7, r8, pc}
  143 000000D8                 ENDP
  144 000000D8         
  145 000000D8                 END
              40020014 
Command Line: --debug --xref --diag_suppress=9931 --cpu=Cortex-M7.fp.sp --apcs=
interwork --depend=.\objects\rgbleds.d -o.\objects\rgbleds.o -I.\RTE\Device\STM
32F746NGHx -I.\RTE\_Target_1 -IC:\Keil_v5\ARM\PACK\ARM\CMSIS\5.3.0\CMSIS\Includ
e -IC:\Keil_v5\ARM\PACK\Keil\STM32F7xx_DFP\2.10.0\Drivers\CMSIS\Device\ST\STM32
F7xx\Include -IC:\Keil_v5\ARM\PACK\Keil\STM32F7xx_DFP\2.10.0\Drivers\STM32F7xx_
HAL_Driver\Inc --predefine="__UVISION_VERSION SETA 525" --predefine="_RTE_ SETA
 1" --predefine="STM32F746xx SETA 1" --list=.\listings\rgbleds.lst rgbleds.s



ARM Macro Assembler    Page 1 Alphabetic symbol ordering
Relocatable symbols

.data 00000000

Symbol: .data
   Definitions
      At line 7 in file rgbleds.s
   Uses
      None
Comment: .data unused
LED1 00000092

Symbol: LED1
   Definitions
      At line 108 in file rgbleds.s
   Uses
      At line 99 in file rgbleds.s
Comment: LED1 used once
LED2 0000009A

Symbol: LED2
   Definitions
      At line 113 in file rgbleds.s
   Uses
      At line 101 in file rgbleds.s
Comment: LED2 used once
LED3 000000A8

Symbol: LED3
   Definitions
      At line 120 in file rgbleds.s
   Uses
      At line 103 in file rgbleds.s
Comment: LED3 used once
LED4 000000BC

Symbol: LED4
   Definitions
      At line 129 in file rgbleds.s
   Uses
      At line 105 in file rgbleds.s
Comment: LED4 used once
bitHigh 0000000C

Symbol: bitHigh
   Definitions
      At line 33 in file rgbleds.s
   Uses
      At line 43 in file rgbleds.s
      At line 59 in file rgbleds.s

bitLow 00000000

Symbol: bitLow
   Definitions
      At line 24 in file rgbleds.s
   Uses
      At line 49 in file rgbleds.s
      At line 65 in file rgbleds.s

endRGB 000000D4



ARM Macro Assembler    Page 2 Alphabetic symbol ordering
Relocatable symbols


Symbol: endRGB
   Definitions
      At line 139 in file rgbleds.s
   Uses
      At line 111 in file rgbleds.s
      At line 118 in file rgbleds.s
      At line 127 in file rgbleds.s

ledSend 00000050

Symbol: ledSend
   Definitions
      At line 73 in file rgbleds.s
   Uses
      At line 8 in file rgbleds.s
      At line 110 in file rgbleds.s
      At line 115 in file rgbleds.s
      At line 117 in file rgbleds.s
      At line 122 in file rgbleds.s
      At line 124 in file rgbleds.s
      At line 126 in file rgbleds.s
      At line 131 in file rgbleds.s
      At line 133 in file rgbleds.s
      At line 135 in file rgbleds.s
      At line 137 in file rgbleds.s

ledsRGB 00000072

Symbol: ledsRGB
   Definitions
      At line 90 in file rgbleds.s
   Uses
      At line 9 in file rgbleds.s
Comment: ledsRGB used once
nxtBit 0000006A

Symbol: nxtBit
   Definitions
      At line 84 in file rgbleds.s
   Uses
      At line 81 in file rgbleds.s
Comment: nxtBit used once
one 00000018

Symbol: one
   Definitions
      At line 41 in file rgbleds.s
   Uses
      At line 80 in file rgbleds.s
Comment: one used once
while24bits 0000005A

Symbol: while24bits
   Definitions
      At line 77 in file rgbleds.s
   Uses
      At line 86 in file rgbleds.s
Comment: while24bits used once



ARM Macro Assembler    Page 3 Alphabetic symbol ordering
Relocatable symbols

whileT0H 0000003E

Symbol: whileT0H
   Definitions
      At line 61 in file rgbleds.s
   Uses
      At line 63 in file rgbleds.s
Comment: whileT0H used once
whileT0L 0000004A

Symbol: whileT0L
   Definitions
      At line 67 in file rgbleds.s
   Uses
      At line 69 in file rgbleds.s
Comment: whileT0L used once
whileT1H 00000022

Symbol: whileT1H
   Definitions
      At line 45 in file rgbleds.s
   Uses
      At line 47 in file rgbleds.s
Comment: whileT1H used once
whileT1L 0000002E

Symbol: whileT1L
   Definitions
      At line 51 in file rgbleds.s
   Uses
      At line 53 in file rgbleds.s
Comment: whileT1L used once
zero 00000034

Symbol: zero
   Definitions
      At line 57 in file rgbleds.s
   Uses
      At line 83 in file rgbleds.s
Comment: zero used once
zeroBit 00000066

Symbol: zeroBit
   Definitions
      At line 82 in file rgbleds.s
   Uses
      At line 79 in file rgbleds.s
Comment: zeroBit used once
19 symbols



ARM Macro Assembler    Page 1 Alphabetic symbol ordering
Absolute symbols

NopTime 00000001

Symbol: NopTime
   Definitions
      At line 12 in file rgbleds.s
   Uses
      At line 46 in file rgbleds.s
      At line 52 in file rgbleds.s
      At line 62 in file rgbleds.s
      At line 68 in file rgbleds.s

T0HTime 00000004

Symbol: T0HTime
   Definitions
      At line 13 in file rgbleds.s
   Uses
      At line 60 in file rgbleds.s
Comment: T0HTime used once
T0LTime 00000056

Symbol: T0LTime
   Definitions
      At line 14 in file rgbleds.s
   Uses
      At line 66 in file rgbleds.s
Comment: T0LTime used once
T1HTime 0000006E

Symbol: T1HTime
   Definitions
      At line 15 in file rgbleds.s
   Uses
      At line 44 in file rgbleds.s
Comment: T1HTime used once
T1LTime 00000028

Symbol: T1LTime
   Definitions
      At line 16 in file rgbleds.s
   Uses
      At line 50 in file rgbleds.s
Comment: T1LTime used once
TRESTime 00001518

Symbol: TRESTime
   Definitions
      At line 17 in file rgbleds.s
   Uses
      None
Comment: TRESTime unused
nBits 00000018

Symbol: nBits
   Definitions
      At line 19 in file rgbleds.s
   Uses
      None
Comment: nBits unused



ARM Macro Assembler    Page 2 Alphabetic symbol ordering
Absolute symbols

resetTime 00000000

Symbol: resetTime
   Definitions
      At line 11 in file rgbleds.s
   Uses
      None
Comment: resetTime unused
8 symbols
364 symbols in table
